['runID: object', 'module: object', 'name: object', 'count: float64', 'sumweights: float64', 'mean: float64', 'stddev: float64', 'min: float64', 'max: float64', 'underflows: float64', 'overflows: float64', 'binedges: object', 'binvalues: object']
"runID","module","name","count","sumweights","mean","stddev","min","max","underflows","overflows","binedges","binvalues"
"General-0-REDACTED","Test.node1","foo1:histogram",100.0,100.0,19.9,3.340901,11.0,27.0,0.0,0.0,"[ 9. 10. 11. 12. 13. 14. 15. 16. 17. 18. 19. 20. 21. 22. 23. 24. 25. 26.
 27. 28. 29. 30.]","[ 0.  0.  1.  0.  3.  2.  4.  7.  1. 15. 15. 10. 10.  7. 11.  5.  4.  4.
  1.  0.  0.]"
"General-0-REDACTED","Test.node1","foo2:histogram",100.0,100.0,10.775412,10.161722,0.08548,42.018594,0.0,0.0,"[ 0.  1.  2.  3.  4.  5.  6.  7.  8.  9. 10. 11. 12. 13. 14. 15. 16. 17.
 18. 19. 20. 21. 22. 23. 24. 25. 26. 27. 28. 29. 30. 31. 32. 33. 34. 35.
 36. 37. 38. 39. 40. 41. 42. 43. 44. 45. 46. 47. 48. 49. 50. 51. 52. 53.]","[11.  4. 10.  6.  5.  6.  6.  4.  5.  5.  3.  1.  4.  3.  2.  1.  2.  2.
  0.  3.  0.  0.  1.  2.  0.  3.  1.  1.  1.  1.  2.  1.  0.  0.  1.  0.
  0.  0.  1.  0.  1.  0.  1.  0.  0.  0.  0.  0.  0.  0.  0.  0.  0.]"
"General-0-REDACTED","Test.node2","foo1:histogram",100.0,100.0,20.11,2.845855,14.0,29.0,0.0,0.0,"[10. 11. 12. 13. 14. 15. 16. 17. 18. 19. 20. 21. 22. 23. 24. 25. 26. 27.
 28. 29. 30. 31.]","[ 0.  0.  0.  0.  2.  1.  7.  8. 14.  8. 16. 14. 14.  5.  4.  4.  0.  2.
  0.  1.  0.]"
"General-0-REDACTED","Test.node2","foo2:histogram",100.0,100.0,10.207521,9.528127,0.054122,48.592183,0.0,0.0,"[ 0.  1.  2.  3.  4.  5.  6.  7.  8.  9. 10. 11. 12. 13. 14. 15. 16. 17.
 18. 19. 20. 21. 22. 23. 24. 25. 26. 27. 28. 29. 30. 31. 32. 33. 34. 35.
 36. 37. 38. 39. 40. 41. 42. 43. 44. 45. 46. 47. 48. 49. 50. 51. 52. 53.
 54. 55. 56. 57. 58. 59. 60. 61.]","[ 8.  4.  9. 10.  6.  6.  2.  8.  9.  1.  1.  1.  3.  5.  4.  3.  4.  1.
  0.  2.  2.  1.  1.  1.  1.  1.  0.  1.  0.  0.  0.  0.  2.  0.  0.  0.
  1.  0.  0.  0.  0.  0.  0.  0.  0.  1.  0.  0.  1.  0.  0.  0.  0.  0.
  0.  0.  0.  0.  0.  0.  0.]"
"General-1-REDACTED","Test.node1","foo1:histogram",100.0,100.0,19.67,3.461345,13.0,27.0,0.0,0.0,"[ 9. 10. 11. 12. 13. 14. 15. 16. 17. 18. 19. 20. 21. 22. 23. 24. 25. 26.
 27. 28. 29. 30. 31.]","[ 0.  0.  0.  0.  3.  5.  6.  8. 10.  5.  6. 13.  9. 15.  5.  8.  4.  1.
  2.  0.  0.  0.]"
"General-1-REDACTED","Test.node1","foo2:histogram",100.0,100.0,10.204222,9.489809,0.282124,49.200004,0.0,0.0,"[ 0.  1.  2.  3.  4.  5.  6.  7.  8.  9. 10. 11. 12. 13. 14. 15. 16. 17.
 18. 19. 20. 21. 22. 23. 24. 25. 26. 27. 28. 29. 30. 31. 32. 33. 34. 35.
 36. 37. 38. 39. 40. 41. 42. 43. 44. 45. 46. 47. 48. 49. 50. 51. 52. 53.
 54. 55. 56. 57. 58. 59. 60. 61. 62.]","[ 7.  9. 10.  7.  3.  5.  7.  5.  5.  4.  5.  3.  2.  1.  0.  2.  4.  1.
  2.  2.  1.  2.  1.  0.  5.  1.  0.  1.  1.  1.  0.  0.  0.  1.  0.  0.
  0.  0.  0.  1.  0.  0.  0.  0.  0.  0.  0.  0.  0.  1.  0.  0.  0.  0.
  0.  0.  0.  0.  0.  0.  0.  0.]"
"General-1-REDACTED","Test.node2","foo1:histogram",100.0,100.0,19.97,3.144516,13.0,27.0,0.0,0.0,"[12. 13. 14. 15. 16. 17. 18. 19. 20. 21. 22. 23. 24. 25. 26. 27. 28. 29.
 30.]",[ 0.  3.  0.  3.  6. 11. 12.  9. 13. 13. 11.  7.  2.  3.  5.  2.  0.  0.]
"General-1-REDACTED","Test.node2","foo2:histogram",100.0,100.0,9.208238,10.46272,0.213484,56.866744,0.0,0.0,"[ 0.  1.  2.  3.  4.  5.  6.  7.  8.  9. 10. 11. 12. 13. 14. 15. 16. 17.
 18. 19. 20. 21. 22. 23. 24. 25. 26. 27. 28. 29. 30. 31. 32. 33. 34. 35.
 36. 37. 38. 39. 40. 41. 42. 43. 44. 45. 46. 47. 48. 49. 50. 51. 52. 53.
 54. 55. 56. 57. 58. 59. 60. 61. 62. 63. 64. 65. 66. 67. 68. 69. 70. 71.
 72.]","[14.  6. 14.  6.  5.  6.  9.  4.  4.  3.  4.  0.  3.  0.  2.  2.  1.  0.
  2.  1.  0.  4.  0.  2.  0.  1.  0.  1.  0.  1.  0.  0.  0.  1.  0.  1.
  0.  0.  0.  0.  1.  0.  0.  0.  1.  0.  0.  0.  0.  0.  0.  0.  0.  0.
  0.  0.  1.  0.  0.  0.  0.  0.  0.  0.  0.  0.  0.  0.  0.  0.  0.  0.]"
"General-2-REDACTED","Test.node1","foo1:histogram",100.0,100.0,62.25,9.670715,24.0,87.0,0.0,0.0,"[  8.  10.  12.  14.  16.  18.  20.  22.  24.  26.  28.  30.  32.  34.
  36.  38.  40.  42.  44.  46.  48.  50.  52.  54.  56.  58.  60.  62.
  64.  66.  68.  70.  72.  74.  76.  78.  80.  82.  84.  86.  88.  90.
  92.  94.  96.  98. 100. 102. 104.]","[ 0.  0.  0.  0.  0.  0.  0.  0.  1.  0.  0.  0.  0.  0.  0.  0.  0.  0.
  3.  0.  4.  4.  0.  7. 13.  0. 23.  8.  0.  9.  8.  0.  6.  7.  0.  4.
  1.  0.  1.  1.  0.  0.  0.  0.  0.  0.  0.  0.]"
"General-2-REDACTED","Test.node1","foo2:histogram",100.0,100.0,29.868969,30.665376,0.227504,123.062793,0.0,0.0,"[  0.   2.   4.   6.   8.  10.  12.  14.  16.  18.  20.  22.  24.  26.
  28.  30.  32.  34.  36.  38.  40.  42.  44.  46.  48.  50.  52.  54.
  56.  58.  60.  62.  64.  66.  68.  70.  72.  74.  76.  78.  80.  82.
  84.  86.  88.  90.  92.  94.  96.  98. 100. 102. 104. 106. 108. 110.
 112. 114. 116. 118. 120. 122. 124. 126. 128. 130. 132. 134. 136. 138.
 140. 142. 144. 146. 148. 150. 152. 154.]","[7. 6. 4. 8. 2. 5. 8. 6. 3. 2. 3. 6. 1. 4. 1. 3. 3. 1. 1. 3. 1. 1. 0. 0.
 1. 1. 2. 0. 0. 0. 1. 2. 1. 2. 1. 0. 0. 0. 1. 0. 1. 1. 0. 0. 0. 0. 0. 1.
 0. 0. 0. 0. 0. 1. 0. 0. 1. 1. 0. 1. 0. 2. 0. 0. 0. 0. 0. 0. 0. 0. 0. 0.
 0. 0. 0. 0. 0.]"
"General-2-REDACTED","Test.node2","foo1:histogram",100.0,100.0,60.09,9.500766,30.0,84.0,0.0,0.0,"[16. 17. 18. 19. 20. 21. 22. 23. 24. 25. 26. 27. 28. 29. 30. 31. 32. 33.
 34. 35. 36. 37. 38. 39. 40. 41. 42. 43. 44. 45. 46. 47. 48. 49. 50. 51.
 52. 53. 54. 55. 56. 57. 58. 59. 60. 61. 62. 63. 64. 65. 66. 67. 68. 69.
 70. 71. 72. 73. 74. 75. 76. 77. 78. 79. 80. 81. 82. 83. 84. 85. 86. 87.
 88. 89. 90. 91. 92. 93. 94. 95. 96. 97. 98.]","[ 0.  0.  0.  0.  0.  0.  0.  0.  0.  0.  0.  0.  0.  0.  1.  0.  0.  0.
  0.  0.  0.  0.  0.  0.  0.  0.  2.  0.  0.  3.  0.  0.  5.  0.  0. 10.
  0.  0. 13.  0.  0. 12.  0.  0. 11.  0.  0.  7.  0.  0. 15.  0.  0.  8.
  0.  0.  7.  0.  0.  1.  0.  0.  3.  0.  0.  0.  0.  0.  2.  0.  0.  0.
  0.  0.  0.  0.  0.  0.  0.  0.  0.  0.]"
"General-2-REDACTED","Test.node2","foo2:histogram",100.0,100.0,29.732306,25.748828,0.126667,119.006417,0.0,0.0,"[  0.   2.   4.   6.   8.  10.  12.  14.  16.  18.  20.  22.  24.  26.
  28.  30.  32.  34.  36.  38.  40.  42.  44.  46.  48.  50.  52.  54.
  56.  58.  60.  62.  64.  66.  68.  70.  72.  74.  76.  78.  80.  82.
  84.  86.  88.  90.  92.  94.  96.  98. 100. 102. 104. 106. 108. 110.
 112. 114. 116. 118. 120. 122. 124. 126. 128. 130. 132. 134. 136. 138.
 140. 142. 144. 146. 148. 150.]","[10.  6.  4.  4.  4.  1.  6.  2.  2.  7.  2.  3.  3.  4.  2.  2.  1.  3.
  2.  3.  1.  2.  1.  1.  2.  2.  3.  2.  1.  1.  2.  1.  0.  1.  2.  1.
  1.  1.  0.  0.  0.  0.  0.  0.  0.  1.  0.  0.  1.  0.  0.  0.  1.  0.
  0.  0.  0.  0.  0.  1.  0.  0.  0.  0.  0.  0.  0.  0.  0.  0.  0.  0.
  0.  0.  0.]"
"General-3-REDACTED","Test.node1","foo1:histogram",100.0,100.0,60.06,10.045171,33.0,81.0,0.0,0.0,"[21. 22. 23. 24. 25. 26. 27. 28. 29. 30. 31. 32. 33. 34. 35. 36. 37. 38.
 39. 40. 41. 42. 43. 44. 45. 46. 47. 48. 49. 50. 51. 52. 53. 54. 55. 56.
 57. 58. 59. 60. 61. 62. 63. 64. 65. 66. 67. 68. 69. 70. 71. 72. 73. 74.
 75. 76. 77. 78. 79. 80. 81. 82. 83. 84. 85. 86. 87. 88. 89. 90. 91. 92.
 93.]","[ 0.  0.  0.  0.  0.  0.  0.  0.  0.  0.  0.  0.  2.  0.  0.  0.  0.  0.
  0.  0.  0.  4.  0.  0.  5.  0.  0.  3.  0.  0.  5.  0.  0. 12.  0.  0.
 15.  0.  0.  9.  0.  0.  8.  0.  0. 13.  0.  0. 10.  0.  0.  5.  0.  0.
  4.  0.  0.  4.  0.  0.  1.  0.  0.  0.  0.  0.  0.  0.  0.  0.  0.  0.]"
"General-3-REDACTED","Test.node1","foo2:histogram",100.0,100.0,38.204271,34.797872,0.058825,148.529517,0.0,0.0,"[  0.   2.   4.   6.   8.  10.  12.  14.  16.  18.  20.  22.  24.  26.
  28.  30.  32.  34.  36.  38.  40.  42.  44.  46.  48.  50.  52.  54.
  56.  58.  60.  62.  64.  66.  68.  70.  72.  74.  76.  78.  80.  82.
  84.  86.  88.  90.  92.  94.  96.  98. 100. 102. 104. 106. 108. 110.
 112. 114. 116. 118. 120. 122. 124. 126. 128. 130. 132. 134. 136. 138.
 140. 142. 144. 146. 148. 150. 152. 154. 156. 158. 160. 162. 164. 166.
 168. 170. 172. 174. 176. 178. 180. 182. 184. 186.]","[7. 2. 8. 3. 4. 4. 3. 3. 1. 3. 4. 0. 2. 1. 2. 5. 4. 4. 3. 3. 3. 0. 2. 3.
 0. 0. 1. 0. 0. 1. 2. 1. 2. 1. 2. 1. 0. 0. 1. 2. 0. 0. 0. 1. 2. 1. 0. 0.
 0. 0. 0. 0. 0. 1. 1. 1. 1. 0. 0. 0. 1. 0. 0. 0. 0. 1. 0. 0. 0. 0. 0. 1.
 0. 0. 1. 0. 0. 0. 0. 0. 0. 0. 0. 0. 0. 0. 0. 0. 0. 0. 0. 0. 0.]"
"General-3-REDACTED","Test.node2","foo1:histogram",100.0,100.0,59.01,9.303518,39.0,81.0,0.0,0.0,"[28. 29. 30. 31. 32. 33. 34. 35. 36. 37. 38. 39. 40. 41. 42. 43. 44. 45.
 46. 47. 48. 49. 50. 51. 52. 53. 54. 55. 56. 57. 58. 59. 60. 61. 62. 63.
 64. 65. 66. 67. 68. 69. 70. 71. 72. 73. 74. 75. 76. 77. 78. 79. 80. 81.
 82. 83. 84. 85. 86. 87. 88. 89. 90. 91. 92.]","[ 0.  0.  0.  0.  0.  0.  0.  0.  0.  0.  0.  2.  0.  0.  1.  0.  0.  4.
  0.  0.  7.  0.  0. 12.  0.  0. 11.  0.  0. 16.  0.  0. 10.  0.  0. 10.
  0.  0.  8.  0.  0.  8.  0.  0.  5.  0.  0.  0.  0.  0.  3.  0.  0.  3.
  0.  0.  0.  0.  0.  0.  0.  0.  0.  0.]"
"General-3-REDACTED","Test.node2","foo2:histogram",100.0,100.0,27.808041,28.525698,0.263568,150.002861,0.0,0.0,"[  0.   2.   4.   6.   8.  10.  12.  14.  16.  18.  20.  22.  24.  26.
  28.  30.  32.  34.  36.  38.  40.  42.  44.  46.  48.  50.  52.  54.
  56.  58.  60.  62.  64.  66.  68.  70.  72.  74.  76.  78.  80.  82.
  84.  86.  88.  90.  92.  94.  96.  98. 100. 102. 104. 106. 108. 110.
 112. 114. 116. 118. 120. 122. 124. 126. 128. 130. 132. 134. 136. 138.
 140. 142. 144. 146. 148. 150. 152. 154. 156. 158. 160. 162. 164. 166.
 168. 170. 172. 174. 176. 178. 180. 182. 184. 186. 188.]","[4. 8. 8. 6. 5. 7. 3. 5. 2. 7. 1. 5. 4. 0. 3. 2. 2. 1. 1. 2. 1. 1. 3. 1.
 3. 1. 0. 0. 1. 0. 0. 2. 0. 0. 0. 2. 0. 0. 1. 0. 1. 1. 0. 1. 0. 1. 0. 0.
 0. 0. 0. 2. 0. 0. 1. 0. 0. 0. 0. 0. 0. 0. 0. 0. 0. 0. 0. 0. 0. 0. 0. 0.
 0. 0. 0. 1. 0. 0. 0. 0. 0. 0. 0. 0. 0. 0. 0. 0. 0. 0. 0. 0. 0. 0.]"
"General-4-REDACTED","Test.node1","foo1:histogram",100.0,100.0,118.5,17.275837,72.0,168.0,0.0,0.0,"[ 48.  50.  52.  54.  56.  58.  60.  62.  64.  66.  68.  70.  72.  74.
  76.  78.  80.  82.  84.  86.  88.  90.  92.  94.  96.  98. 100. 102.
 104. 106. 108. 110. 112. 114. 116. 118. 120. 122. 124. 126. 128. 130.
 132. 134. 136. 138. 140. 142. 144. 146. 148. 150. 152. 154. 156. 158.
 160. 162. 164. 166. 168. 170. 172. 174. 176. 178. 180. 182. 184. 186.
 188. 190. 192.]","[ 0.  0.  0.  0.  0.  0.  0.  0.  0.  0.  0.  0.  1.  0.  0.  0.  0.  0.
  1.  0.  0.  4.  0.  0.  9.  0.  0.  5.  0.  0. 15.  0.  0. 13.  0.  0.
  7.  0.  0. 17.  0.  0. 17.  0.  0.  4.  0.  0.  2.  0.  0.  2.  0.  0.
  0.  0.  0.  2.  0.  0.  1.  0.  0.  0.  0.  0.  0.  0.  0.  0.  0.  0.]"
"General-4-REDACTED","Test.node1","foo2:histogram",100.0,100.0,68.050475,66.033912,1.36646,298.09197,0.0,0.0,"[  0.   5.  10.  15.  20.  25.  30.  35.  40.  45.  50.  55.  60.  65.
  70.  75.  80.  85.  90.  95. 100. 105. 110. 115. 120. 125. 130. 135.
 140. 145. 150. 155. 160. 165. 170. 175. 180. 185. 190. 195. 200. 205.
 210. 215. 220. 225. 230. 235. 240. 245. 250. 255. 260. 265. 270. 275.
 280. 285. 290. 295. 300. 305. 310. 315. 320. 325. 330. 335. 340. 345.
 350. 355. 360. 365. 370. 375.]","[9. 4. 6. 8. 5. 1. 9. 6. 2. 2. 9. 2. 4. 1. 1. 1. 1. 1. 1. 0. 2. 1. 2. 0.
 0. 2. 2. 1. 0. 1. 1. 2. 3. 2. 2. 0. 1. 0. 0. 0. 1. 0. 0. 0. 0. 1. 0. 0.
 1. 0. 0. 0. 1. 0. 0. 0. 0. 0. 0. 1. 0. 0. 0. 0. 0. 0. 0. 0. 0. 0. 0. 0.
 0. 0. 0.]"
"General-4-REDACTED","Test.node2","foo1:histogram",100.0,100.0,119.46,20.218713,72.0,186.0,0.0,0.0,"[ 42.  44.  46.  48.  50.  52.  54.  56.  58.  60.  62.  64.  66.  68.
  70.  72.  74.  76.  78.  80.  82.  84.  86.  88.  90.  92.  94.  96.
  98. 100. 102. 104. 106. 108. 110. 112. 114. 116. 118. 120. 122. 124.
 126. 128. 130. 132. 134. 136. 138. 140. 142. 144. 146. 148. 150. 152.
 154. 156. 158. 160. 162. 164. 166. 168. 170. 172. 174. 176. 178. 180.
 182. 184. 186. 188. 190. 192. 194. 196. 198. 200. 202. 204. 206. 208.
 210. 212. 214. 216.]","[ 0.  0.  0.  0.  0.  0.  0.  0.  0.  0.  0.  0.  0.  0.  0.  2.  0.  0.
  0.  0.  0.  2.  0.  0.  4.  0.  0.  5.  0.  0. 12.  0.  0.  8.  0.  0.
 14.  0.  0. 15.  0.  0. 10.  0.  0.  5.  0.  0.  7.  0.  0.  8.  0.  0.
  4.  0.  0.  1.  0.  0.  1.  0.  0.  1.  0.  0.  0.  0.  0.  0.  0.  0.
  1.  0.  0.  0.  0.  0.  0.  0.  0.  0.  0.  0.  0.  0.  0.]"
"General-4-REDACTED","Test.node2","foo2:histogram",100.0,100.0,59.246059,51.156813,0.965995,222.376357,0.0,0.0,"[  0.   5.  10.  15.  20.  25.  30.  35.  40.  45.  50.  55.  60.  65.
  70.  75.  80.  85.  90.  95. 100. 105. 110. 115. 120. 125. 130. 135.
 140. 145. 150. 155. 160. 165. 170. 175. 180. 185. 190. 195. 200. 205.
 210. 215. 220. 225. 230. 235. 240. 245. 250. 255. 260. 265. 270. 275.
 280.]","[ 6.  5. 10.  6.  4.  4.  2.  5.  5.  2.  6.  4.  6.  5.  1.  6.  3.  3.
  2.  0.  1.  1.  0.  1.  3.  0.  0.  0.  0.  2.  0.  0.  0.  1.  0.  0.
  1.  0.  2.  0.  1.  0.  0.  0.  2.  0.  0.  0.  0.  0.  0.  0.  0.  0.
  0.  0.]"
"General-5-REDACTED","Test.node1","foo1:histogram",100.0,100.0,118.08,21.163949,72.0,186.0,0.0,0.0,"[ 42.  44.  46.  48.  50.  52.  54.  56.  58.  60.  62.  64.  66.  68.
  70.  72.  74.  76.  78.  80.  82.  84.  86.  88.  90.  92.  94.  96.
  98. 100. 102. 104. 106. 108. 110. 112. 114. 116. 118. 120. 122. 124.
 126. 128. 130. 132. 134. 136. 138. 140. 142. 144. 146. 148. 150. 152.
 154. 156. 158. 160. 162. 164. 166. 168. 170. 172. 174. 176. 178. 180.
 182. 184. 186. 188. 190. 192. 194. 196. 198. 200. 202. 204. 206. 208.
 210. 212. 214. 216.]","[ 0.  0.  0.  0.  0.  0.  0.  0.  0.  0.  0.  0.  0.  0.  0.  1.  0.  0.
  1.  0.  0.  5.  0.  0.  6.  0.  0.  7.  0.  0.  5.  0.  0. 14.  0.  0.
 11.  0.  0. 11.  0.  0.  9.  0.  0. 10.  0.  0.  5.  0.  0.  4.  0.  0.
  7.  0.  0.  2.  0.  0.  1.  0.  0.  0.  0.  0.  0.  0.  0.  0.  0.  0.
  1.  0.  0.  0.  0.  0.  0.  0.  0.  0.  0.  0.  0.  0.  0.]"
"General-5-REDACTED","Test.node1","foo2:histogram",100.0,100.0,62.63589,64.946092,0.09622,363.927003,0.0,0.0,"[  0.  10.  20.  30.  40.  50.  60.  70.  80.  90. 100. 110. 120. 130.
 140. 150. 160. 170. 180. 190. 200. 210. 220. 230. 240. 250. 260. 270.
 280. 290. 300. 310. 320. 330. 340. 350. 360. 370. 380. 390. 400. 410.
 420. 430. 440. 450. 460.]","[19.  8. 11. 11.  6.  7.  2.  6.  4.  3.  8.  3.  2.  0.  3.  0.  0.  0.
  0.  2.  0.  0.  2.  1.  0.  0.  0.  1.  0.  0.  0.  0.  0.  0.  0.  0.
  1.  0.  0.  0.  0.  0.  0.  0.  0.  0.]"
"General-5-REDACTED","Test.node2","foo1:histogram",100.0,100.0,122.1,17.814703,84.0,168.0,0.0,0.0,"[ 62.  64.  66.  68.  70.  72.  74.  76.  78.  80.  82.  84.  86.  88.
  90.  92.  94.  96.  98. 100. 102. 104. 106. 108. 110. 112. 114. 116.
 118. 120. 122. 124. 126. 128. 130. 132. 134. 136. 138. 140. 142. 144.
 146. 148. 150. 152. 154. 156. 158. 160. 162. 164. 166. 168. 170. 172.
 174. 176. 178. 180. 182. 184. 186. 188. 190.]","[ 0.  0.  0.  0.  0.  0.  0.  0.  0.  0.  0.  3.  0.  0.  3.  0.  0.  4.
  0.  0.  5.  0.  0. 13.  0.  0. 10.  0.  0. 15.  0.  0. 13.  0.  0. 10.
  0.  0. 10.  0.  0.  4.  0.  0.  7.  0.  0.  1.  0.  0.  1.  0.  0.  1.
  0.  0.  0.  0.  0.  0.  0.  0.  0.  0.]"
"General-5-REDACTED","Test.node2","foo2:histogram",100.0,100.0,53.047182,56.171364,0.040992,284.360029,0.0,0.0,"[  0.   5.  10.  15.  20.  25.  30.  35.  40.  45.  50.  55.  60.  65.
  70.  75.  80.  85.  90.  95. 100. 105. 110. 115. 120. 125. 130. 135.
 140. 145. 150. 155. 160. 165. 170. 175. 180. 185. 190. 195. 200. 205.
 210. 215. 220. 225. 230. 235. 240. 245. 250. 255. 260. 265. 270. 275.
 280. 285. 290. 295. 300. 305. 310. 315. 320. 325. 330. 335. 340. 345.
 350. 355. 360.]","[12. 14.  2.  3.  5.  5. 11.  8.  1.  2.  4.  1.  1.  2.  3.  2.  1.  3.
  1.  1.  3.  1.  3.  0.  1.  1.  1.  1.  0.  1.  0.  0.  1.  0.  0.  1.
  1.  0.  1.  0.  0.  0.  0.  0.  0.  0.  0.  0.  0.  0.  0.  0.  0.  0.
  0.  1.  1.  0.  0.  0.  0.  0.  0.  0.  0.  0.  0.  0.  0.  0.  0.  0.]"
