['runID: object', 'name: object', 'value: object']
"runID","name","value"
"General-0-REDACTED","N","1"
"General-1-REDACTED","N","1"
"General-2-REDACTED","N","3"
"General-3-REDACTED","N","3"
"General-4-REDACTED","N","6"
"General-5-REDACTED","N","6"
