['runID: object', 'module: object', 'name: object', 'value: object']
"runID","module","name","value"
"General-0-REDACTED","Test","typename","""Test"""
"General-0-REDACTED","Test.node1","bar","1"
"General-0-REDACTED","Test.node1","typename","""Node"""
"General-0-REDACTED","Test.node2","bar","1"
"General-0-REDACTED","Test.node2","typename","""Node"""
"General-1-REDACTED","Test","typename","""Test"""
"General-1-REDACTED","Test.node1","bar","1"
"General-1-REDACTED","Test.node1","typename","""Node"""
"General-1-REDACTED","Test.node2","bar","1"
"General-1-REDACTED","Test.node2","typename","""Node"""
"General-2-REDACTED","Test","typename","""Test"""
"General-2-REDACTED","Test.node1","bar","3"
"General-2-REDACTED","Test.node1","typename","""Node"""
"General-2-REDACTED","Test.node2","bar","3"
"General-2-REDACTED","Test.node2","typename","""Node"""
"General-3-REDACTED","Test","typename","""Test"""
"General-3-REDACTED","Test.node1","bar","3"
"General-3-REDACTED","Test.node1","typename","""Node"""
"General-3-REDACTED","Test.node2","bar","3"
"General-3-REDACTED","Test.node2","typename","""Node"""
"General-4-REDACTED","Test","typename","""Test"""
"General-4-REDACTED","Test.node1","bar","6"
"General-4-REDACTED","Test.node1","typename","""Node"""
"General-4-REDACTED","Test.node2","bar","6"
"General-4-REDACTED","Test.node2","typename","""Node"""
"General-5-REDACTED","Test","typename","""Test"""
"General-5-REDACTED","Test.node1","bar","6"
"General-5-REDACTED","Test.node1","typename","""Node"""
"General-5-REDACTED","Test.node2","bar","6"
"General-5-REDACTED","Test.node2","typename","""Node"""
