['runID: object', 'name: object', 'value: object']
"runID","name","value"
"General-0-REDACTED","**.bar","1"
"General-1-REDACTED","**.bar","1"
"General-2-REDACTED","**.bar","3"
"General-3-REDACTED","**.bar","3"
"General-4-REDACTED","**.bar","6"
"General-5-REDACTED","**.bar","6"
