['runID: object', 'N: object', '**.bar: object', 'network: object', 'repeat: object']
"runID","N","**.bar","network","repeat"
"General-0-REDACTED","1","1","Test","2"
"General-1-REDACTED","1","1","Test","2"
"General-2-REDACTED","3","3","Test","2"
"General-3-REDACTED","3","3","Test","2"
"General-4-REDACTED","6","6","Test","2"
"General-5-REDACTED","6","6","Test","2"
