['runID: object']
"runID"
"General-0-REDACTED"
"General-1-REDACTED"
"General-2-REDACTED"
"General-3-REDACTED"
"General-4-REDACTED"
"General-5-REDACTED"
