['runID: object', '**.bar: object']
"runID","**.bar"
"General-0-REDACTED","1"
"General-1-REDACTED","1"
"General-2-REDACTED","3"
"General-3-REDACTED","3"
"General-4-REDACTED","6"
"General-5-REDACTED","6"
